[INFO]    Initialized logging in C:\Users\HP\PycharmProjects\RobotFM\POM_In_RF\ResultsMy\pabot_results
[INFO]    Robot Framework remote server at 127.0.0.1:8270 started.
[DEBUG]   Storing .pabotsuitenames file
[DEBUG]   2026-02-13 22:20:33.520598 [PID:18908] [0] [ID:1] EXECUTING Suites.Register Page Test.Robot
[DEBUG]   2026-02-13 22:20:33.532311 [PID:26592] [1] [ID:0] EXECUTING Suites.Login test
[INFO]    2026-02-13 22:20:34.150431 [PID:18908] [0] [ID:1] Execution failed in Suites.Register Page Test.Robot with 6 failing test(s)
==============================================================================
Suites
==============================================================================
Suites.Register Page Test.Robot
==============================================================================
TC1 Registration Test with hardcore value                             | FAIL |
Several failures occurred:

1) Keyword 'Register and Verify Error' expected 5 arguments, got 4.

2) Keyword 'Register and Verify Error' expected 5 arguments, got 3.

3) Keyword 'Register and Verify Error' expected 5 arguments, got 2.

4) Keyword 'Register and Verify Error' expected 5 arguments, got 2.

5) Keyword 'Register and Verify Error' expected 5 arguments, got 2.

6) Keyword 'Register and Verify Error' expected 5 arguments, got 2.

7) Keyword 'Register and Verify Error' expected 5 arguments, got 2.

8) Keyword 'Register and Verify Error' expected 5 arguments, got 2.

9) Keyword 'Register and Verify Error' expected 5 arguments, got 1.

10) Keyword 'Register and Verify Error' expected 5 arguments, got 2.

11) Keyword 'Register and Verify Error' expected 5 arguments, got 1.

12) Keyword 'Register and Verify Error' expected 5 arguments, got 1.

13) Keyword 'Register and Verify Error' expected 5 arguments, got 2.

14) Keyword 'Register and Verify Error' expected 5 arguments, got 1.
------------------------------------------------------------------------------
TC2 Registration Test with Faker lab                                  | FAIL |
Several failures occurred:

1) Keyword 'Register and Verify Error' expected 5 arguments, got 3.

2) Variable '${RAND_FNAME}' not found.

3) Variable '${RAND_LNAME}' not found.

4) Variable '${RAND_EMAIL}' not found.

5) Variable '${RAND_PHONE}' not found.

6) Variable '${RAND_FNAME}' not found.

7) Keyword 'Register and Verify Error' expected 5 arguments, got 1.

8) Keyword 'Register and Verify Error' expected 5 arguments, got 2.

9) Keyword 'Register and Verify Error' expected 5 arguments, got 1.

10) Keyword 'Register and Verify Error' expected 5 arguments, got 1.

Also teardown failed:
No keyword with name 'Close All Browsers' found. Did you mean:
    RegisterKeywordsRes.Close All My Browser
------------------------------------------------------------------------------
TC3 Empty Firstname Registration                                      | FAIL |
No keyword with name 'Open Browser' found. Did you mean:
    RegisterKeywordsRes.Open My Browser

Also keyword teardown failed:
No keyword with name 'Close All Browsers' found. Did you mean:
    RegisterKeywordsRes.Close All My Browser
------------------------------------------------------------------------------
TC4 Empty Lastname Registration                                       | FAIL |
No keyword with name 'Open Browser' found. Did you mean:
    RegisterKeywordsRes.Open My Browser

Also keyword teardown failed:
No keyword with name 'Close All Browsers' found. Did you mean:
    RegisterKeywordsRes.Close All My Browser
------------------------------------------------------------------------------
TC5 Invalid Email Registration                                        | FAIL |
No keyword with name 'Open Browser' found. Did you mean:
    RegisterKeywordsRes.Open My Browser

Also keyword teardown failed:
No keyword with name 'Close All Browsers' found. Did you mean:
    RegisterKeywordsRes.Close All My Browser
------------------------------------------------------------------------------
TC 6Empty Telephone Registration                                      | FAIL |
No keyword with name 'Open Browser' found. Did you mean:
    RegisterKeywordsRes.Open My Browser

Also keyword teardown failed:
No keyword with name 'Close All Browsers' found. Did you mean:
    RegisterKeywordsRes.Close All My Browser
------------------------------------------------------------------------------
Suites.Register Page Test.Robot                                       | FAIL |
6 tests, 0 passed, 6 failed
==============================================================================
Suites                                                                | FAIL |
6 tests, 0 passed, 6 failed
==============================================================================
Output:  C:\Users\HP\PycharmProjects\RobotFM\POM_In_RF\ResultsMy\pabot_results\1\output.xml

[ ERROR ] Error in file 'C:\Users\HP\PycharmProjects\RobotFM\POM_In_RF\TestCases\Register_Page_Test.Robot.robot' on line 2: Importing library 'SeleniumLibrary' failed: ModuleNotFoundError: No module named 'SeleniumLibrary'
Traceback (most recent call last):
  None
PYTHONPATH:
  C:\Users\HP\AppData\Local\Programs\Python\Python313\Scripts\robot.exe
  C:\Users\HP\AppData\Local\Programs\Python\Python313\python313.zip
  C:\Users\HP\AppData\Local\Programs\Python\Python313\DLLs
  C:\Users\HP\AppData\Local\Programs\Python\Python313\Lib
  C:\Users\HP\AppData\Local\Programs\Python\Python313
  C:\Users\HP\AppData\Local\Programs\Python\Python313\Lib\site-packages
[ ERROR ] Error in file 'C:\Users\HP\PycharmProjects\RobotFM\POM_In_RF\Resources\RegisterKeywordsRes.robot' on line 3: Importing library 'SeleniumLibrary' failed: ModuleNotFoundError: No module named 'SeleniumLibrary'
Traceback (most recent call last):
  None
PYTHONPATH:
  C:\Users\HP\AppData\Local\Programs\Python\Python313\Scripts\robot.exe
  C:\Users\HP\AppData\Local\Programs\Python\Python313\python313.zip
  C:\Users\HP\AppData\Local\Programs\Python\Python313\DLLs
  C:\Users\HP\AppData\Local\Programs\Python\Python313\Lib
  C:\Users\HP\AppData\Local\Programs\Python\Python313
  C:\Users\HP\AppData\Local\Programs\Python\Python313\Lib\site-packages
[ ERROR ] Error in file 'C:\Users\HP\PycharmProjects\RobotFM\POM_In_RF\Resources\RegisterKeywordsRes.robot' on line 6: Importing library 'FakerLibrary' failed: ModuleNotFoundError: No module named 'FakerLibrary'
Traceback (most recent call last):
  None
PYTHONPATH:
  C:\Users\HP\AppData\Local\Programs\Python\Python313\Scripts\robot.exe
  C:\Users\HP\AppData\Local\Programs\Python\Python313\python313.zip
  C:\Users\HP\AppData\Local\Programs\Python\Python313\DLLs
  C:\Users\HP\AppData\Local\Programs\Python\Python313\Lib
  C:\Users\HP\AppData\Local\Programs\Python\Python313
  C:\Users\HP\AppData\Local\Programs\Python\Python313\Lib\site-packages
[INFO]    2026-02-13 22:20:34.160019 [PID:26592] [1] [ID:0] Execution failed in Suites.Login test with 1 failing test(s)
==============================================================================
Suites
==============================================================================
Suites.Login test
==============================================================================
Login test                                                            | FAIL |
No keyword with name 'Open Browser' found. Did you mean:
    LoginKeywordsRes.Open My Browser
------------------------------------------------------------------------------
Suites.Login test                                                     | FAIL |
1 test, 0 passed, 1 failed
==============================================================================
Suites                                                                | FAIL |
1 test, 0 passed, 1 failed
==============================================================================
Output:  C:\Users\HP\PycharmProjects\RobotFM\POM_In_RF\ResultsMy\pabot_results\0\output.xml

[ ERROR ] Error in file 'C:\Users\HP\PycharmProjects\RobotFM\POM_In_RF\TestCases\Login_test.robot' on line 2: Importing library 'SeleniumLibrary' failed: ModuleNotFoundError: No module named 'SeleniumLibrary'
Traceback (most recent call last):
  None
PYTHONPATH:
  C:\Users\HP\AppData\Local\Programs\Python\Python313\Scripts\robot.exe
  C:\Users\HP\AppData\Local\Programs\Python\Python313\python313.zip
  C:\Users\HP\AppData\Local\Programs\Python\Python313\DLLs
  C:\Users\HP\AppData\Local\Programs\Python\Python313\Lib
  C:\Users\HP\AppData\Local\Programs\Python\Python313
  C:\Users\HP\AppData\Local\Programs\Python\Python313\Lib\site-packages
[ ERROR ] Error in file 'C:\Users\HP\PycharmProjects\RobotFM\POM_In_RF\Resources\LoginKeywordsRes.robot' on line 2: Importing library 'SeleniumLibrary' failed: ModuleNotFoundError: No module named 'SeleniumLibrary'
Traceback (most recent call last):
  None
PYTHONPATH:
  C:\Users\HP\AppData\Local\Programs\Python\Python313\Scripts\robot.exe
  C:\Users\HP\AppData\Local\Programs\Python\Python313\python313.zip
  C:\Users\HP\AppData\Local\Programs\Python\Python313\DLLs
  C:\Users\HP\AppData\Local\Programs\Python\Python313\Lib
  C:\Users\HP\AppData\Local\Programs\Python\Python313
  C:\Users\HP\AppData\Local\Programs\Python\Python313\Lib\site-packages
[INFO]    7 tests, 0 passed, 7 failed, 0 skipped.
[INFO]    ===================================================
[INFO]    Output:  C:\Users\HP\PycharmProjects\RobotFM\POM_In_RF\ResultsMy\output.xml
[INFO]    Log:     C:\Users\HP\PycharmProjects\RobotFM\POM_In_RF\ResultsMy\log.html
[INFO]    Report:  C:\Users\HP\PycharmProjects\RobotFM\POM_In_RF\ResultsMy\report.html
[DEBUG]   Finalizing Pabot execution...
[DEBUG]   Stopping PabotLib process
[INFO]    Robot Framework remote server at 127.0.0.1:8270 stopped.
[DEBUG]   PabotLib process stopped
[INFO]    Total testing: 5.30 seconds
[INFO]    Elapsed time:  3.65 seconds
[DEBUG]   Logs flushed successfully.
