==============================================================================
Suites
==============================================================================
Suites.Register Page Test.Robot
==============================================================================
TC1 Registration Test with hardcore value                             | FAIL |
Several failures occurred:

1) Keyword 'Register and Verify Error' expected 5 arguments, got 4.

2) Keyword 'Register and Verify Error' expected 5 arguments, got 3.

3) Keyword 'Register and Verify Error' expected 5 arguments, got 2.

4) Keyword 'Register and Verify Error' expected 5 arguments, got 2.

5) Keyword 'Register and Verify Error' expected 5 arguments, got 2.

6) Keyword 'Register and Verify Error' expected 5 arguments, got 2.

7) Keyword 'Register and Verify Error' expected 5 arguments, got 2.

8) Keyword 'Register and Verify Error' expected 5 arguments, got 2.

9) Keyword 'Register and Verify Error' expected 5 arguments, got 1.

10) Keyword 'Register and Verify Error' expected 5 arguments, got 2.

11) Keyword 'Register and Verify Error' expected 5 arguments, got 1.

12) Keyword 'Register and Verify Error' expected 5 arguments, got 1.

13) Keyword 'Register and Verify Error' expected 5 arguments, got 2.

14) Keyword 'Register and Verify Error' expected 5 arguments, got 1.
------------------------------------------------------------------------------
TC2 Registration Test with Faker lab                                  | FAIL |
Several failures occurred:

1) Keyword 'Register and Verify Error' expected 5 arguments, got 3.

2) Variable '${RAND_FNAME}' not found.

3) Variable '${RAND_LNAME}' not found.

4) Variable '${RAND_EMAIL}' not found.

5) Variable '${RAND_PHONE}' not found.

6) Variable '${RAND_FNAME}' not found.

7) Keyword 'Register and Verify Error' expected 5 arguments, got 1.

8) Keyword 'Register and Verify Error' expected 5 arguments, got 2.

9) Keyword 'Register and Verify Error' expected 5 arguments, got 1.

10) Keyword 'Register and Verify Error' expected 5 arguments, got 1.

Also teardown failed:
No keyword with name 'Close All Browsers' found. Did you mean:
    RegisterKeywordsRes.Close All My Browser
------------------------------------------------------------------------------
TC3 Empty Firstname Registration                                      | FAIL |
No keyword with name 'Open Browser' found. Did you mean:
    RegisterKeywordsRes.Open My Browser

Also keyword teardown failed:
No keyword with name 'Close All Browsers' found. Did you mean:
    RegisterKeywordsRes.Close All My Browser
------------------------------------------------------------------------------
TC4 Empty Lastname Registration                                       | FAIL |
No keyword with name 'Open Browser' found. Did you mean:
    RegisterKeywordsRes.Open My Browser

Also keyword teardown failed:
No keyword with name 'Close All Browsers' found. Did you mean:
    RegisterKeywordsRes.Close All My Browser
------------------------------------------------------------------------------
TC5 Invalid Email Registration                                        | FAIL |
No keyword with name 'Open Browser' found. Did you mean:
    RegisterKeywordsRes.Open My Browser

Also keyword teardown failed:
No keyword with name 'Close All Browsers' found. Did you mean:
    RegisterKeywordsRes.Close All My Browser
------------------------------------------------------------------------------
TC 6Empty Telephone Registration                                      | FAIL |
No keyword with name 'Open Browser' found. Did you mean:
    RegisterKeywordsRes.Open My Browser

Also keyword teardown failed:
No keyword with name 'Close All Browsers' found. Did you mean:
    RegisterKeywordsRes.Close All My Browser
------------------------------------------------------------------------------
Suites.Register Page Test.Robot                                       | FAIL |
6 tests, 0 passed, 6 failed
==============================================================================
Suites                                                                | FAIL |
6 tests, 0 passed, 6 failed
==============================================================================
Output:  C:\Users\HP\PycharmProjects\RobotFM\POM_In_RF\ResultsMy\pabot_results\1\output.xml
